// Vitest Snapshot v1, https://vitest.dev/guide/snapshot.html

exports[`Index > renders correctly 1`] = `
<div
  class="min-h-screen pt-16 flex flex-col"
>
  <header
    class="fixed top-0 left-0 right-0 z-50 bg-navbar border-b"
  >
    <div
      class="container mx-auto px-4 py-3 flex items-center justify-between"
    >
      <nav
        aria-label="Main"
        class="relative z-10 flex max-w-max flex-1 items-center justify-center"
        data-orientation="horizontal"
        dir="ltr"
      >
        <div
          style="position: relative;"
        >
          <ul
            class="group flex flex-1 list-none items-center justify-center space-x-1 gap-3"
            data-orientation="horizontal"
            dir="ltr"
          >
            <li>
              <a
                class="group inline-flex h-9 w-max items-center justify-center rounded-md bg-background px-4 py-2 text-sm font-medium transition-colors hover:bg-accent hover:text-accent-foreground focus:bg-accent focus:text-accent-foreground focus:outline-none disabled:pointer-events-none disabled:opacity-50 data-[state=open]:text-accent-foreground data-[state=open]:bg-accent/50 data-[state=open]:hover:bg-accent data-[state=open]:focus:bg-accent"
                data-radix-collection-item=""
                href="/"
              >
                Home
              </a>
            </li>
            <li>
              <a
                class="group inline-flex h-9 w-max items-center justify-center rounded-md bg-background px-4 py-2 text-sm font-medium transition-colors hover:bg-accent hover:text-accent-foreground focus:bg-accent focus:text-accent-foreground focus:outline-none disabled:pointer-events-none disabled:opacity-50 data-[state=open]:text-accent-foreground data-[state=open]:bg-accent/50 data-[state=open]:hover:bg-accent data-[state=open]:focus:bg-accent"
                data-radix-collection-item=""
                href="/about"
              >
                About
              </a>
            </li>
            <li>
              <a
                class="group inline-flex h-9 w-max items-center justify-center rounded-md bg-background px-4 py-2 text-sm font-medium transition-colors hover:bg-accent hover:text-accent-foreground focus:bg-accent focus:text-accent-foreground focus:outline-none disabled:pointer-events-none disabled:opacity-50 data-[state=open]:text-accent-foreground data-[state=open]:bg-accent/50 data-[state=open]:hover:bg-accent data-[state=open]:focus:bg-accent"
                data-radix-collection-item=""
                href="/blog"
              >
                Blog
              </a>
            </li>
          </ul>
        </div>
        <div
          class="absolute left-0 top-full flex justify-center"
        />
      </nav>
      <button
        class="inline-flex items-center justify-center gap-2 whitespace-nowrap rounded-md text-sm font-medium transition-colors focus-visible:outline-none focus-visible:ring-1 focus-visible:ring-ring disabled:pointer-events-none disabled:opacity-50 [&_svg]:pointer-events-none [&_svg]:size-4 [&_svg]:shrink-0 border border-input bg-background shadow-sm hover:bg-accent hover:text-accent-foreground h-9 w-9"
      >
        <svg
          aria-hidden="true"
          class="lucide lucide-sun h-[1.2rem] w-[1.2rem] rotate-0 scale-100 transition-all dark:-rotate-90 dark:scale-0"
          fill="none"
          height="24"
          stroke="currentColor"
          stroke-linecap="round"
          stroke-linejoin="round"
          stroke-width="2"
          viewBox="0 0 24 24"
          width="24"
          xmlns="http://www.w3.org/2000/svg"
        >
          <circle
            cx="12"
            cy="12"
            r="4"
          />
          <path
            d="M12 2v2"
          />
          <path
            d="M12 20v2"
          />
          <path
            d="m4.93 4.93 1.41 1.41"
          />
          <path
            d="m17.66 17.66 1.41 1.41"
          />
          <path
            d="M2 12h2"
          />
          <path
            d="M20 12h2"
          />
          <path
            d="m6.34 17.66-1.41 1.41"
          />
          <path
            d="m19.07 4.93-1.41 1.41"
          />
        </svg>
        <svg
          aria-hidden="true"
          class="lucide lucide-moon absolute h-[1.2rem] w-[1.2rem] rotate-90 scale-0 transition-all dark:rotate-0 dark:scale-100"
          fill="none"
          height="24"
          stroke="currentColor"
          stroke-linecap="round"
          stroke-linejoin="round"
          stroke-width="2"
          viewBox="0 0 24 24"
          width="24"
          xmlns="http://www.w3.org/2000/svg"
        >
          <path
            d="M20.985 12.486a9 9 0 1 1-9.473-9.472c.405-.022.617.46.402.803a6 6 0 0 0 8.268 8.268c.344-.215.825-.004.803.401"
          />
        </svg>
        <span
          class="sr-only"
        >
          Toggle theme
        </span>
      </button>
    </div>
  </header>
  <div
    class="container mx-auto px-4"
  >
    <div
      class="flex justify-center"
    >
      <div
        class="grid grid-cols-1 sm:grid-cols-12 gap-4 max-w-4xl my-12 items-center"
      >
        <div
          class="sm:col-span-5 col-span-1 flex justify-center"
        >
          <img
            alt="Low Yong Cheng"
            class="w-full h-auto rounded-lg shadow-md max-w-sm"
            data-nimg="1"
            decoding="async"
            height="400"
            src="/_next/image?url=%2Fimg%2Fyong-cheng-badminton.jpg&w=828&q=75"
            srcset="/_next/image?url=%2Fimg%2Fyong-cheng-badminton.jpg&w=640&q=75 1x, /_next/image?url=%2Fimg%2Fyong-cheng-badminton.jpg&w=828&q=75 2x"
            style="color: transparent;"
            width="400"
          />
        </div>
        <div
          class="sm:col-span-7 col-span-1 mt-8 sm:mt-0 flex items-center"
        >
          <div
            class="text-center sm:text-left mx-8"
          >
            <p
              class="text-4xl font-bold mb-6"
            >
              Hello everyone!
            </p>
            <h1
              class="text-2xl font-medium mb-6"
            >
              I am Yong Cheng or YC for short.
            </h1>
            <p
              class="text-2xl font-medium"
            >
              I am a Senior Software Engineer at
               
              <a
                class="text-blue-400/90 hover:text-blue-300/90 transition-colors duration-200 inline-flex items-center gap-1"
                href="https://glints.com"
                rel="noopener noreferrer"
                target="_blank"
              >
                Glints
              </a>
              , part-time teacher at
               
              <a
                class="text-blue-400/90 hover:text-blue-300/90 transition-colors duration-200 inline-flex items-center gap-1"
                href="https://www.lewagon.com/singapore"
                rel="noopener noreferrer"
                target="_blank"
              >
                Le Wagon
              </a>
               
              and a Sports Enthusiast.
            </p>
          </div>
        </div>
      </div>
    </div>
    <div
      class="py-12 text-center"
    >
      <div
        class="my-6"
      >
        <h3
          class="text-3xl font-medium mb-3 font-medium text-center"
        >
          Latest Tech Articles
        </h3>
        <div
          class="flex justify-center"
        >
          <a
            class="no-underline"
            href="/blog/journey-to-the-web"
          >
            <div
              class="rounded-xl border bg-card text-card-foreground shadow h-full hover:shadow-lg transition-shadow cursor-pointer"
            >
              <div
                class="flex flex-col space-y-1.5 p-6"
              >
                <div
                  class="font-semibold leading-none tracking-tight"
                >
                  Journey to the Web
                </div>
                <div
                  class="text-sm text-muted-foreground"
                >
                  A comprehensive guide on how to prepare for your first software engineering role, from the perspective of a developer, hiring manager, and instructor.
                </div>
              </div>
              <div
                class="p-6 pt-0"
              >
                <div
                  class="flex gap-4 text-sm text-muted-foreground mb-3"
                >
                  <div
                    class="flex items-center gap-1"
                  >
                    <svg
                      aria-hidden="true"
                      class="lucide lucide-calendar h-4 w-4"
                      fill="none"
                      height="24"
                      stroke="currentColor"
                      stroke-linecap="round"
                      stroke-linejoin="round"
                      stroke-width="2"
                      viewBox="0 0 24 24"
                      width="24"
                      xmlns="http://www.w3.org/2000/svg"
                    >
                      <path
                        d="M8 2v4"
                      />
                      <path
                        d="M16 2v4"
                      />
                      <rect
                        height="18"
                        rx="2"
                        width="18"
                        x="3"
                        y="4"
                      />
                      <path
                        d="M3 10h18"
                      />
                    </svg>
                    1/15/2022
                  </div>
                  <div
                    class="flex items-center gap-1"
                  >
                    <svg
                      aria-hidden="true"
                      class="lucide lucide-clock h-4 w-4"
                      fill="none"
                      height="24"
                      stroke="currentColor"
                      stroke-linecap="round"
                      stroke-linejoin="round"
                      stroke-width="2"
                      viewBox="0 0 24 24"
                      width="24"
                      xmlns="http://www.w3.org/2000/svg"
                    >
                      <path
                        d="M12 6v6l4 2"
                      />
                      <circle
                        cx="12"
                        cy="12"
                        r="10"
                      />
                    </svg>
                    3 min read
                  </div>
                </div>
                <div
                  class="flex flex-wrap gap-2"
                >
                  <div
                    class="inline-flex items-center rounded-md border px-2.5 py-0.5 text-xs font-semibold transition-colors focus:outline-none focus:ring-2 focus:ring-ring focus:ring-offset-2 border-transparent bg-secondary text-secondary-foreground hover:bg-secondary/80"
                  >
                    career
                  </div>
                  <div
                    class="inline-flex items-center rounded-md border px-2.5 py-0.5 text-xs font-semibold transition-colors focus:outline-none focus:ring-2 focus:ring-ring focus:ring-offset-2 border-transparent bg-secondary text-secondary-foreground hover:bg-secondary/80"
                  >
                    web-development
                  </div>
                  <div
                    class="inline-flex items-center rounded-md border px-2.5 py-0.5 text-xs font-semibold transition-colors focus:outline-none focus:ring-2 focus:ring-ring focus:ring-offset-2 border-transparent bg-secondary text-secondary-foreground hover:bg-secondary/80"
                  >
                    beginners
                  </div>
                </div>
              </div>
            </div>
          </a>
        </div>
      </div>
    </div>
    <div
      class="my-6"
    >
      <h3
        class="text-3xl font-medium mb-3 font-medium text-center"
      >
        Project Highlights
      </h3>
      <div
        class="flex flex-wrap justify-center gap-6 max-w-7xl mx-auto px-4"
      >
        <div>
          <div
            class="rounded-xl border bg-card text-card-foreground shadow overflow-hidden pt-6 w-full max-w-sm"
          >
            <div
              class="p-6 pt-0"
            >
              <h3
                class="text-xl font-semibold mb-4 text-center"
              >
                NUS Students' Sports Club
              </h3>
              <p
                class="text-muted-foreground text-center"
              >
                I developed a company website for the club. This was my first project using react.
              </p>
            </div>
            <div
              class="items-center p-6 pt-0 flex justify-center gap-3"
            >
              <a
                class="inline-flex items-center justify-center gap-2 whitespace-nowrap rounded-md text-sm font-medium transition-colors focus-visible:outline-none focus-visible:ring-1 focus-visible:ring-ring disabled:pointer-events-none disabled:opacity-50 [&_svg]:pointer-events-none [&_svg]:size-4 [&_svg]:shrink-0 border border-input bg-background shadow-sm hover:bg-accent hover:text-accent-foreground h-9 px-4 py-2"
                href="https://www.nussportsclub.org"
                rel="noopener noreferrer"
                target="_blank"
              >
                Website
              </a>
              <a
                class="inline-flex items-center justify-center gap-2 whitespace-nowrap rounded-md text-sm font-medium transition-colors focus-visible:outline-none focus-visible:ring-1 focus-visible:ring-ring disabled:pointer-events-none disabled:opacity-50 [&_svg]:pointer-events-none [&_svg]:size-4 [&_svg]:shrink-0 border border-input bg-background shadow-sm hover:bg-accent hover:text-accent-foreground h-9 px-4 py-2"
                href="https://github.com/yongchenglow/nus-students-sports-club"
                rel="noopener noreferrer"
                target="_blank"
              >
                Code
              </a>
            </div>
          </div>
        </div>
        <div>
          <div
            class="rounded-xl border bg-card text-card-foreground shadow overflow-hidden pt-6 w-full max-w-sm"
          >
            <div
              class="p-6 pt-0"
            >
              <h3
                class="text-xl font-semibold mb-4 text-center"
              >
                My Personal Website
              </h3>
              <p
                class="text-muted-foreground text-center"
              >
                Coded using NextJS and deployed through my own personal webserver on a RaspberryPi3.
              </p>
            </div>
            <div
              class="items-center p-6 pt-0 flex justify-center gap-3"
            >
              <a
                class="inline-flex items-center justify-center gap-2 whitespace-nowrap rounded-md text-sm font-medium transition-colors focus-visible:outline-none focus-visible:ring-1 focus-visible:ring-ring disabled:pointer-events-none disabled:opacity-50 [&_svg]:pointer-events-none [&_svg]:size-4 [&_svg]:shrink-0 border border-input bg-background shadow-sm hover:bg-accent hover:text-accent-foreground h-9 px-4 py-2"
                href="https://github.com/yongchenglow/yongchenglow.com"
                rel="noopener noreferrer"
                target="_blank"
              >
                Code
              </a>
            </div>
          </div>
        </div>
        <div>
          <div
            class="rounded-xl border bg-card text-card-foreground shadow overflow-hidden pt-6 w-full max-w-sm"
          >
            <div
              class="p-6 pt-0"
            >
              <h3
                class="text-xl font-semibold mb-4 text-center"
              >
                AirBnB Clone
              </h3>
              <p
                class="text-muted-foreground text-center"
              >
                This is a project written using Ruby on Rails for Le Wagon students to reference
              </p>
            </div>
            <div
              class="items-center p-6 pt-0 flex justify-center gap-3"
            >
              <a
                class="inline-flex items-center justify-center gap-2 whitespace-nowrap rounded-md text-sm font-medium transition-colors focus-visible:outline-none focus-visible:ring-1 focus-visible:ring-ring disabled:pointer-events-none disabled:opacity-50 [&_svg]:pointer-events-none [&_svg]:size-4 [&_svg]:shrink-0 border border-input bg-background shadow-sm hover:bg-accent hover:text-accent-foreground h-9 px-4 py-2"
                href="https://airbnb-yc.herokuapp.com"
                rel="noopener noreferrer"
                target="_blank"
              >
                Website
              </a>
              <a
                class="inline-flex items-center justify-center gap-2 whitespace-nowrap rounded-md text-sm font-medium transition-colors focus-visible:outline-none focus-visible:ring-1 focus-visible:ring-ring disabled:pointer-events-none disabled:opacity-50 [&_svg]:pointer-events-none [&_svg]:size-4 [&_svg]:shrink-0 border border-input bg-background shadow-sm hover:bg-accent hover:text-accent-foreground h-9 px-4 py-2"
                href="https://github.com/yongchenglow/airbnb-clone"
                rel="noopener noreferrer"
                target="_blank"
              >
                Code
              </a>
            </div>
          </div>
        </div>
      </div>
    </div>
    <div
      class="mb-3"
    >
      <ins
        class="adsbygoogle"
        data-ad-format="fluid"
        data-ad-layout="in-article"
        data-ad-slot="5500217699"
        style="display: block; text-align: center;"
      />
    </div>
    <div
      class="my-6 mt-12"
    >
      <h3
        class="text-3xl font-medium mb-3 font-medium text-center text-4xl font-bold text-foreground"
      >
        Who am I?
      </h3>
      <div
        class="flex justify-center"
      >
        <div
          class="grid grid-cols-1 sm:grid-cols-12 gap-4 max-w-4xl my-3 items-center"
        >
          <div
            class="sm:col-span-5 col-span-1 flex justify-center mb-12 sm:mb-0"
          >
            <img
              alt="Low Yong Cheng"
              class="w-full h-auto rounded-lg shadow-md max-w-sm"
              data-nimg="1"
              decoding="async"
              height="400"
              loading="lazy"
              src="/_next/image?url=%2Fimg%2Fyong-cheng-metasprint.jpeg&w=828&q=75"
              srcset="/_next/image?url=%2Fimg%2Fyong-cheng-metasprint.jpeg&w=640&q=75 1x, /_next/image?url=%2Fimg%2Fyong-cheng-metasprint.jpeg&w=828&q=75 2x"
              style="color: transparent;"
              width="400"
            />
          </div>
          <div
            class="sm:col-span-7 col-span-1 flex items-center"
          >
            <div
              class="text-left mx-8"
            >
              <p
                class="mb-8 text-muted-foreground leading-relaxed text-lg"
              >
                I am Yong Cheng or YC, I grew up studying in various international schools in particular
                 
                <a
                  class="text-blue-400/90 hover:text-blue-300/90 transition-colors duration-200 inline-flex items-center gap-1"
                  href="https://www.scis-china.org"
                  rel="noopener noreferrer"
                  target="_blank"
                >
                  Shanghai Community International School
                </a>
                ,
                 
                <a
                  class="text-blue-400/90 hover:text-blue-300/90 transition-colors duration-200 inline-flex items-center gap-1"
                  href="https://shanghai-pudong.dulwich.org"
                  rel="noopener noreferrer"
                  target="_blank"
                >
                  Dulwich College Shanghai
                </a>
                 
                and
                 
                <a
                  class="text-blue-400/90 hover:text-blue-300/90 transition-colors duration-200 inline-flex items-center gap-1"
                  href="https://shatincollege.edu.hk"
                  rel="noopener noreferrer"
                  target="_blank"
                >
                  Sha Tin College Hong Kong
                </a>
                .
              </p>
              <p
                class="mb-8 text-muted-foreground leading-relaxed text-lg"
              >
                During my free time, I will write Tech Articles to share my learning experience as a web software engineer. I hope that these articles will help my students and others transition into the Software Engineering careers. These articles are mainly targeted at junior web software engineers. If you are a mid or senior level, feel free to take a peek at them if you are free.
              </p>
              <p
                class="mb-8 text-muted-foreground leading-relaxed text-lg"
              >
                You can find out more about me in the
                 
                <a
                  href="/about"
                >
                  about
                </a>
                 section.
              </p>
            </div>
          </div>
        </div>
      </div>
    </div>
    <div
      class="mb-3"
    >
      <ins
        class="adsbygoogle"
        data-ad-format="fluid"
        data-ad-layout="in-article"
        data-ad-slot="8155985403"
        style="display: block; text-align: center;"
      />
    </div>
  </div>
  <footer
    class="mt-auto"
  >
    <div
      class="bg-gray-600 text-white p-4 pt-6"
    >
      <div
        class="max-w-7xl mx-auto"
      >
        <div
          class="grid grid-cols-1 sm:grid-cols-3 text-center gap-4"
        >
          <div
            class="flex justify-center space-x-4"
          >
            <a
              aria-label="LinkedIn"
              class="text-white hover:text-gray-300 transition-colors duration-200"
              href="https://www.linkedin.com/in/yong-cheng-low/"
              rel="noopener noreferrer"
              target="_blank"
            >
              <svg
                aria-hidden="true"
                class="lucide lucide-linkedin"
                fill="none"
                height="24"
                stroke="currentColor"
                stroke-linecap="round"
                stroke-linejoin="round"
                stroke-width="2"
                viewBox="0 0 24 24"
                width="24"
                xmlns="http://www.w3.org/2000/svg"
              >
                <path
                  d="M16 8a6 6 0 0 1 6 6v7h-4v-7a2 2 0 0 0-2-2 2 2 0 0 0-2 2v7h-4v-7a6 6 0 0 1 6-6z"
                />
                <rect
                  height="12"
                  width="4"
                  x="2"
                  y="9"
                />
                <circle
                  cx="4"
                  cy="4"
                  r="2"
                />
              </svg>
            </a>
            <a
              aria-label="GitHub"
              class="text-white hover:text-gray-300 transition-colors duration-200"
              href="https://github.com/yongchenglow"
              rel="noopener noreferrer"
              target="_blank"
            >
              <svg
                aria-hidden="true"
                class="lucide lucide-github"
                fill="none"
                height="24"
                stroke="currentColor"
                stroke-linecap="round"
                stroke-linejoin="round"
                stroke-width="2"
                viewBox="0 0 24 24"
                width="24"
                xmlns="http://www.w3.org/2000/svg"
              >
                <path
                  d="M15 22v-4a4.8 4.8 0 0 0-1-3.5c3 0 6-2 6-5.5.08-1.25-.27-2.48-1-3.5.28-1.15.28-2.35 0-3.5 0 0-1 0-3 1.5-2.64-.5-5.36-.5-8 0C6 2 5 2 5 2c-.3 1.15-.3 2.35 0 3.5A5.403 5.403 0 0 0 4 9c0 3.5 3 5.5 6 5.5-.39.49-.68 1.05-.85 1.65-.17.6-.22 1.23-.15 1.85v4"
                />
                <path
                  d="M9 18c-4.51 2-5-2-7-2"
                />
              </svg>
            </a>
            <a
              aria-label="Instagram"
              class="text-white hover:text-gray-300 transition-colors duration-200"
              href="https://www.instagram.com/yclow88/"
              rel="noopener noreferrer"
              target="_blank"
            >
              <svg
                aria-hidden="true"
                class="lucide lucide-instagram"
                fill="none"
                height="24"
                stroke="currentColor"
                stroke-linecap="round"
                stroke-linejoin="round"
                stroke-width="2"
                viewBox="0 0 24 24"
                width="24"
                xmlns="http://www.w3.org/2000/svg"
              >
                <rect
                  height="20"
                  rx="5"
                  ry="5"
                  width="20"
                  x="2"
                  y="2"
                />
                <path
                  d="M16 11.37A4 4 0 1 1 12.63 8 4 4 0 0 1 16 11.37z"
                />
                <line
                  x1="17.5"
                  x2="17.51"
                  y1="6.5"
                  y2="6.5"
                />
              </svg>
            </a>
          </div>
          <div
            class="flex items-center justify-center"
          >
            © 
            2026
             Yong Cheng Low
          </div>
          <div
            class="flex items-center justify-center"
          >
            <a
              class="text-white hover:text-gray-300 transition-colors duration-200 flex items-center gap-2"
              href="mailto:lowyongcheng@hotmail.com"
            >
              <svg
                aria-hidden="true"
                class="lucide lucide-mail"
                fill="none"
                height="20"
                stroke="currentColor"
                stroke-linecap="round"
                stroke-linejoin="round"
                stroke-width="2"
                viewBox="0 0 24 24"
                width="20"
                xmlns="http://www.w3.org/2000/svg"
              >
                <path
                  d="m22 7-8.991 5.727a2 2 0 0 1-2.009 0L2 7"
                />
                <rect
                  height="16"
                  rx="2"
                  width="20"
                  x="2"
                  y="4"
                />
              </svg>
              lowyongcheng@hotmail.com
            </a>
          </div>
        </div>
      </div>
    </div>
  </footer>
</div>
`;
